测试
sdfsdfsdfsdf


sdfsd
